// Jest Snapshot v1, https://goo.gl/fbAQLP

exports[` 1`] = `
<DocumentFragment>
  <div
    class="MuiStack-root css-1fn9za3-MuiStack-root"
  >
    <div
      class="MuiBox-root css-0"
    >
      <a
        class="MuiTypography-root MuiTypography-button MuiLink-root MuiLink-underlineAlways css-1qyt4mk-MuiTypography-root-MuiLink-root"
        href="/admin/staff"
      >
        スタッフ管理
      </a>
    </div>
    <div
      class="MuiBox-root css-0"
    >
      <a
        class="MuiTypography-root MuiTypography-button MuiLink-root MuiLink-underlineAlways css-1qyt4mk-MuiTypography-root-MuiLink-root"
        href="/admin/attendance"
      >
        勤怠管理
      </a>
    </div>
  </div>
</DocumentFragment>
`;
